// Jest Snapshot v1, https://goo.gl/fbAQLP

exports[`<Keyboard/> should show keyboard 1`] = `ShallowWrapper {}`;
